// Jest Snapshot v1, https://goo.gl/fbAQLP

exports[`<Section /> should render a section 1`] = `
Object {
  "asFragment": [Function],
  "baseElement": <body>
    <div>
      <div
        class="sc-jrsJCI evakZi"
      >
        <div
          class="sc-kEqYlL heKzEZ"
        >
          <img
            alt="Test Title 2"
            class="sc-jSFkmK kLbfTo"
            src="awareness.svg"
          />
          <div
            class="sc-eCApGN bwVyXU"
          >
            <h1>
              Test Title 2
            </h1>
            <p
              data-testid="section-text"
            >
              test body 1
            </p>
            <p
              data-testid="section-text"
            >
              test body 2
            </p>
          </div>
           
          <div
            class="sc-pNWxx crXZMz"
          >
            <svg
              fill="none"
              height="54"
              viewBox="0 0 54 54"
              width="54"
              xmlns="http://www.w3.org/2000/svg"
            >
              <g
                clip-path="url(#clip0)"
              >
                <path
                  d="M52.7401 18.3601C56.8801 31.1401 51.1201 45.1801 39.0601 51.1201C37.9801 51.6601 36.7201 52.2001 35.6401 52.5601C22.8601 56.8801 8.82009 51.1201 2.88009 39.0601C2.16008 37.9801 1.80009 36.7201 1.44008 35.4601C-2.69992 22.6801 3.06008 8.64007 15.1201 2.70007C16.2001 2.16007 17.4601 1.62007 18.5401 1.26007C31.3201 -2.87993 45.3601 2.88007 51.3001 14.9401C51.8401 16.0201 52.3801 17.1001 52.7401 18.3601ZM4.50008 23.9401C2.88008 36.5401 11.5201 47.8801 24.1201 49.5001C36.7201 51.1201 48.0601 42.3001 49.6801 29.8801C51.3001 17.4601 42.4801 5.94007 30.0601 4.32007C28.0801 4.14007 26.1001 4.14007 24.1201 4.32007C13.8601 5.76007 5.76008 13.6801 4.50008 23.9401ZM37.0801 21.9601L27.0001 32.0401L16.9201 21.9601C16.0201 21.0601 14.7601 21.0601 14.0401 21.9601C13.1401 22.8601 13.1401 24.1201 14.0401 25.0201L27.0001 37.9801L40.1401 24.8401C41.0401 23.9401 41.0401 22.6801 40.1401 21.7801C39.2401 21.0601 37.9801 21.0601 37.0801 21.9601Z"
                  fill="black"
                />
              </g>
              <defs>
                <clippath
                  id="clip0"
                >
                  <rect
                    fill="white"
                    height="54"
                    transform="translate(0 54) rotate(-90)"
                    width="54"
                  />
                </clippath>
              </defs>
            </svg>
          </div>
        </div>
      </div>
    </div>
  </body>,
  "container": <div>
    <div
      class="sc-jrsJCI evakZi"
    >
      <div
        class="sc-kEqYlL heKzEZ"
      >
        <img
          alt="Test Title 2"
          class="sc-jSFkmK kLbfTo"
          src="awareness.svg"
        />
        <div
          class="sc-eCApGN bwVyXU"
        >
          <h1>
            Test Title 2
          </h1>
          <p
            data-testid="section-text"
          >
            test body 1
          </p>
          <p
            data-testid="section-text"
          >
            test body 2
          </p>
        </div>
         
        <div
          class="sc-pNWxx crXZMz"
        >
          <svg
            fill="none"
            height="54"
            viewBox="0 0 54 54"
            width="54"
            xmlns="http://www.w3.org/2000/svg"
          >
            <g
              clip-path="url(#clip0)"
            >
              <path
                d="M52.7401 18.3601C56.8801 31.1401 51.1201 45.1801 39.0601 51.1201C37.9801 51.6601 36.7201 52.2001 35.6401 52.5601C22.8601 56.8801 8.82009 51.1201 2.88009 39.0601C2.16008 37.9801 1.80009 36.7201 1.44008 35.4601C-2.69992 22.6801 3.06008 8.64007 15.1201 2.70007C16.2001 2.16007 17.4601 1.62007 18.5401 1.26007C31.3201 -2.87993 45.3601 2.88007 51.3001 14.9401C51.8401 16.0201 52.3801 17.1001 52.7401 18.3601ZM4.50008 23.9401C2.88008 36.5401 11.5201 47.8801 24.1201 49.5001C36.7201 51.1201 48.0601 42.3001 49.6801 29.8801C51.3001 17.4601 42.4801 5.94007 30.0601 4.32007C28.0801 4.14007 26.1001 4.14007 24.1201 4.32007C13.8601 5.76007 5.76008 13.6801 4.50008 23.9401ZM37.0801 21.9601L27.0001 32.0401L16.9201 21.9601C16.0201 21.0601 14.7601 21.0601 14.0401 21.9601C13.1401 22.8601 13.1401 24.1201 14.0401 25.0201L27.0001 37.9801L40.1401 24.8401C41.0401 23.9401 41.0401 22.6801 40.1401 21.7801C39.2401 21.0601 37.9801 21.0601 37.0801 21.9601Z"
                fill="black"
              />
            </g>
            <defs>
              <clippath
                id="clip0"
              >
                <rect
                  fill="white"
                  height="54"
                  transform="translate(0 54) rotate(-90)"
                  width="54"
                />
              </clippath>
            </defs>
          </svg>
        </div>
      </div>
    </div>
  </div>,
  "debug": [Function],
  "findAllByAltText": [Function],
  "findAllByDisplayValue": [Function],
  "findAllByLabelText": [Function],
  "findAllByPlaceholderText": [Function],
  "findAllByRole": [Function],
  "findAllByTestId": [Function],
  "findAllByText": [Function],
  "findAllByTitle": [Function],
  "findByAltText": [Function],
  "findByDisplayValue": [Function],
  "findByLabelText": [Function],
  "findByPlaceholderText": [Function],
  "findByRole": [Function],
  "findByTestId": [Function],
  "findByText": [Function],
  "findByTitle": [Function],
  "getAllByAltText": [Function],
  "getAllByDisplayValue": [Function],
  "getAllByLabelText": [Function],
  "getAllByPlaceholderText": [Function],
  "getAllByRole": [Function],
  "getAllByTestId": [Function],
  "getAllByText": [Function],
  "getAllByTitle": [Function],
  "getByAltText": [Function],
  "getByDisplayValue": [Function],
  "getByLabelText": [Function],
  "getByPlaceholderText": [Function],
  "getByRole": [Function],
  "getByTestId": [Function],
  "getByText": [Function],
  "getByTitle": [Function],
  "queryAllByAltText": [Function],
  "queryAllByDisplayValue": [Function],
  "queryAllByLabelText": [Function],
  "queryAllByPlaceholderText": [Function],
  "queryAllByRole": [Function],
  "queryAllByTestId": [Function],
  "queryAllByText": [Function],
  "queryAllByTitle": [Function],
  "queryByAltText": [Function],
  "queryByDisplayValue": [Function],
  "queryByLabelText": [Function],
  "queryByPlaceholderText": [Function],
  "queryByRole": [Function],
  "queryByTestId": [Function],
  "queryByText": [Function],
  "queryByTitle": [Function],
  "rerender": [Function],
  "unmount": [Function],
}
`;
